∃?a ?b. do? ∧ ?a = ?b
∃?a ?b. do? ∧ ?a = ?b
∃?b ?a. do? ∧ ?a = ?b
∃?a. do?

